
> stockapi-web@0.1.0 start
> react-scripts start

(node:299442) [DEP_WEBPACK_DEV_SERVER_ON_AFTER_SETUP_MIDDLEWARE] DeprecationWarning: 'onAfterSetupMiddleware' option is deprecated. Please use the 'setupMiddlewares' option.
(Use `node --trace-deprecation ...` to show where the warning was created)
(node:299442) [DEP_WEBPACK_DEV_SERVER_ON_BEFORE_SETUP_MIDDLEWARE] DeprecationWarning: 'onBeforeSetupMiddleware' option is deprecated. Please use the 'setupMiddlewares' option.
Starting the development server...

Compiled with warnings.

[eslint]
src/Components/MainContainer/Tests/DetectPage.jsx
  Line 78:13:  img elements must have an alt prop, either with meaningful text, or an empty string for decorative images  jsx-a11y/alt-text

src/Components/MainContainer/Tests/DrawImage.jsx
  Line 6:8:    'LaserEyes' is defined but never used                                                                      no-unused-vars
  Line 68:21:  img elements must have an alt prop, either with meaningful text, or an empty string for decorative images  jsx-a11y/alt-text

src/Components/MainContainer/Tests/DroppedFile.jsx
  Line 13:15:  Expected '===' and instead saw '=='  eqeqeq

src/Components/MainContainer/Tests/FileUploader.jsx
  Line 1:49:   'useEffect' is defined but never used                                                                          no-unused-vars
  Line 32:11:  React Hook useMemo has a missing dependency: 'isDragAccept'. Either include it or remove the dependency array  react-hooks/exhaustive-deps

src/Components/Order/OrderDetails.jsx
  Line 11:8:  'CancelRoundedIcon' is defined but never used  no-unused-vars

src/Components/Order/OrderItem.jsx
  Line 30:7:  Duplicate key 'overflow'  no-dupe-keys

src/Components/ProductsGrid/ProductItem.jsx
  Line 3:8:    'Paper' is defined but never used             no-unused-vars
  Line 17:19:  'loading' is assigned a value but never used  no-unused-vars
  Line 17:28:  'error' is assigned a value but never used    no-unused-vars

src/Components/SideBar/SideBarLink.jsx
  Line 19:5:  Expected a default case  default-case

src/Components/SideBar/SideBarLinksContainer.jsx
  Line 5:8:  'Divider' is defined but never used  no-unused-vars

src/Components/SideBar/SubItems/OrdersSubItems.jsx
  Line 22:9:  Duplicate key 'color'  no-dupe-keys

src/Components/SideBar/SubItems/SettingsSubItems.jsx
  Line 21:9:  Duplicate key 'color'  no-dupe-keys

Search for the keywords to learn more about each warning.
To ignore, add // eslint-disable-next-line to the line before.

WARNING in [eslint]
src/Components/MainContainer/Tests/DetectPage.jsx
  Line 78:13:  img elements must have an alt prop, either with meaningful text, or an empty string for decorative images  jsx-a11y/alt-text

src/Components/MainContainer/Tests/DrawImage.jsx
  Line 6:8:    'LaserEyes' is defined but never used                                                                      no-unused-vars
  Line 68:21:  img elements must have an alt prop, either with meaningful text, or an empty string for decorative images  jsx-a11y/alt-text

src/Components/MainContainer/Tests/DroppedFile.jsx
  Line 13:15:  Expected '===' and instead saw '=='  eqeqeq

src/Components/MainContainer/Tests/FileUploader.jsx
  Line 1:49:   'useEffect' is defined but never used                                                                          no-unused-vars
  Line 32:11:  React Hook useMemo has a missing dependency: 'isDragAccept'. Either include it or remove the dependency array  react-hooks/exhaustive-deps

src/Components/Order/OrderDetails.jsx
  Line 11:8:  'CancelRoundedIcon' is defined but never used  no-unused-vars

src/Components/Order/OrderItem.jsx
  Line 30:7:  Duplicate key 'overflow'  no-dupe-keys

src/Components/ProductsGrid/ProductItem.jsx
  Line 3:8:    'Paper' is defined but never used             no-unused-vars
  Line 17:19:  'loading' is assigned a value but never used  no-unused-vars
  Line 17:28:  'error' is assigned a value but never used    no-unused-vars

src/Components/SideBar/SideBarLink.jsx
  Line 19:5:  Expected a default case  default-case

src/Components/SideBar/SideBarLinksContainer.jsx
  Line 5:8:  'Divider' is defined but never used  no-unused-vars

src/Components/SideBar/SubItems/OrdersSubItems.jsx
  Line 22:9:  Duplicate key 'color'  no-dupe-keys

src/Components/SideBar/SubItems/SettingsSubItems.jsx
  Line 21:9:  Duplicate key 'color'  no-dupe-keys

webpack compiled with 1 warning
